// Jest Snapshot v1, https://goo.gl/fbAQLP

exports[`Dialog component should show Dialog 1`] = `
<div class="h-password-input">
  <ul class="h-hairline--surround h-password-input__security">
    <li class="h-hairline"><i style="visibility: visible;"></i></li>
    <li class="h-hairline"><i style="visibility: visible;"></i></li>
    <li class="h-hairline"><i style="visibility: visible;"></i></li>
    <li class="h-hairline"><i style="visibility: visible;"></i></li>
    <li class="h-hairline"><i style="visibility: hidden;"></i></li>
    <li class="h-hairline"><i style="visibility: hidden;"></i></li>
  </ul>
</div>
`;
