// Jest Snapshot v1, https://goo.gl/fbAQLP

exports[`renders demo correctly 1`] = `
<div>
  <div>
    <h-loading></h-loading>
    <h-loading color="white"></h-loading>
  </div>
  <div>
    <h-loading type="spinner"></h-loading>
    <h-loading type="spinner" color="white"></h-loading>
  </div>
</div>
`;
