// Jest Snapshot v1, https://goo.gl/fbAQLP

exports[`renders demo correctly 1`] = `
<div>
  <div>
    <div class="h-swipe">
      <div class="h-swipe__track" style="width:0px;transition-duration:500ms;transform:translateX(0px);">
        <div class="h-swipe-item" style="width:0px;height:100%;transform:translateX(0px);">1</div>
        <div class="h-swipe-item" style="width:0px;height:100%;transform:translateX(0px);">2</div>
        <div class="h-swipe-item" style="width:0px;height:100%;transform:translateX(0px);">3</div>
        <div class="h-swipe-item" style="width:0px;height:100%;transform:translateX(0px);">4</div>
      </div>
      <!---->
    </div>
  </div>
  <div>
    <div class="h-swipe">
      <div class="h-swipe__track" style="width:0px;transition-duration:500ms;transform:translateX(0px);">
        <div class="h-swipe-item" style="width:0px;height:100%;transform:translateX(0px);"><img src="https://img.yzcdn.cn/public_files/2017/09/05/3bd347e44233a868c99cf0fe560232be.jpg"></div>
        <div class="h-swipe-item" style="width:0px;height:100%;transform:translateX(0px);"><img src="https://img.yzcdn.cn/public_files/2017/09/05/c0dab461920687911536621b345a0bc9.jpg"></div>
        <div class="h-swipe-item" style="width:0px;height:100%;transform:translateX(0px);"><img src="https://img.yzcdn.cn/public_files/2017/09/05/4e3ea0898b1c2c416eec8c11c5360833.jpg"></div>
        <div class="h-swipe-item" style="width:0px;height:100%;transform:translateX(0px);"><img src="https://img.yzcdn.cn/public_files/2017/09/05/fd08f07665ed67d50e11b32a21ce0682.jpg"></div>
      </div>
      <!---->
    </div>
  </div>
  <div>
    <div class="h-swipe">
      <div class="h-swipe__track" style="width:0px;transition-duration:500ms;transform:translateX(0px);">
        <div class="h-swipe-item" style="width:0px;height:100%;transform:translateX(0px);">1</div>
      </div>
      <!---->
    </div>
  </div>
</div>
`;
