// Jest Snapshot v1, https://goo.gl/fbAQLP

exports[`renders demo correctly 1`] = `
<div>
  <div class="demo-uploader">
    <div class="h-uploader">
      <div class="uploader-one h-hairline--surround"><i class="h-icon h-icon-add"></i></div> <input type="file" accept="image/*" class="h-uploader__input">
    </div>
  </div>
</div>
`;
