// Jest Snapshot v1, https://goo.gl/fbAQLP

exports[`renders demo correctly 1`] = `
<div class="tab-demo">
  <div>
    <div class="h-hairline--top-bottom">
      <div class="h-tabs__nav">
        <div class="h-tabs__line"></div>
      </div>
    </div>
    <div class="h-tabs__content">
      <div class="h-tab__pane" style="display:none;">
        <!---->
        <!---->
      </div>
      <div class="h-tab__pane" style="display:none;">
        <!---->
        <!---->
      </div>
      <div class="h-tab__pane" style="display:none;">
        <!---->
        <!---->
      </div>
      <div class="h-tab__pane" style="display:none;">
        <!---->
        <!---->
      </div>
    </div>
  </div>
</div>
`;
