// Jest Snapshot v1, https://goo.gl/fbAQLP

exports[`renders demo correctly 1`] = `
<div>
  <div>
    <div class="h-switch" style="font-size:30px;">
      <div class="h-switch__node">
        <!---->
      </div>
    </div>
  </div>
  <div>
    <div class="h-switch h-switch--on h-switch--disabled" style="font-size:30px;">
      <div class="h-switch__node">
        <!---->
      </div>
    </div>
  </div>
  <div>
    <div class="h-switch h-switch--on" style="font-size:30px;">
      <div class="h-switch__node">
        <div class="h-loading h-loading--circular h-loading--black h-switch__loading"><span class="h-loading__spinner h-loading__spinner--circular"> <svg viewBox="25 25 50 50" class="h-loading__circular"><circle cx="50" cy="50" r="20" fill="none"></circle></svg></span></div>
      </div>
    </div>
  </div>
  <div>
    <div class="h-switch h-switch--on" style="font-size:30px;">
      <div class="h-switch__node">
        <!---->
      </div>
    </div>
  </div>
</div>
`;
